Archive member included because of file (symbol)

c:/program files (x86)/atmel/atmel toolchain/avr8 gcc/native/3.4.1061/avr8-gnu-toolchain/bin/../lib/gcc/avr/4.8.1/avr5\libgcc.a(_udivmodhi4.o)
                              data_fit.o (__udivmodhi4)
c:/program files (x86)/atmel/atmel toolchain/avr8 gcc/native/3.4.1061/avr8-gnu-toolchain/bin/../lib/gcc/avr/4.8.1/avr5\libgcc.a(_divmodhi4.o)
                              game_1.o (__divmodhi4)
c:/program files (x86)/atmel/atmel toolchain/avr8 gcc/native/3.4.1061/avr8-gnu-toolchain/bin/../lib/gcc/avr/4.8.1/avr5\libgcc.a(_exit.o)
                              c:/program files (x86)/atmel/atmel toolchain/avr8 gcc/native/3.4.1061/avr8-gnu-toolchain/bin/../lib/gcc/avr/4.8.1/../../../../avr/lib/avr5/crtm162.o (exit)
c:/program files (x86)/atmel/atmel toolchain/avr8 gcc/native/3.4.1061/avr8-gnu-toolchain/bin/../lib/gcc/avr/4.8.1/avr5\libgcc.a(_tablejump.o)
                              song_handler.o (__tablejump2__)
c:/program files (x86)/atmel/atmel toolchain/avr8 gcc/native/3.4.1061/avr8-gnu-toolchain/bin/../lib/gcc/avr/4.8.1/avr5\libgcc.a(_copy_data.o)
                              can_driver.o (__do_copy_data)
c:/program files (x86)/atmel/atmel toolchain/avr8 gcc/native/3.4.1061/avr8-gnu-toolchain/bin/../lib/gcc/avr/4.8.1/avr5\libgcc.a(_clear_bss.o)
                              adc_driver.o (__do_clear_bss)
c:/program files (x86)/atmel/atmel toolchain/avr8 gcc/native/3.4.1061/avr8-gnu-toolchain/bin/../lib/gcc/avr/4.8.1/../../../../avr/lib/avr5\libc.a(strcpy_P.o)
                              oled_driver.o (strcpy_P)
c:/program files (x86)/atmel/atmel toolchain/avr8 gcc/native/3.4.1061/avr8-gnu-toolchain/bin/../lib/gcc/avr/4.8.1/../../../../avr/lib/avr5\libc.a(fdevopen.o)
                              uart_driver.o (fdevopen)
c:/program files (x86)/atmel/atmel toolchain/avr8 gcc/native/3.4.1061/avr8-gnu-toolchain/bin/../lib/gcc/avr/4.8.1/../../../../avr/lib/avr5\libc.a(iob.o)
                              c:/program files (x86)/atmel/atmel toolchain/avr8 gcc/native/3.4.1061/avr8-gnu-toolchain/bin/../lib/gcc/avr/4.8.1/../../../../avr/lib/avr5\libc.a(fdevopen.o) (__iob)
c:/program files (x86)/atmel/atmel toolchain/avr8 gcc/native/3.4.1061/avr8-gnu-toolchain/bin/../lib/gcc/avr/4.8.1/../../../../avr/lib/avr5\libc.a(printf.o)
                              can_driver.o (printf)
c:/program files (x86)/atmel/atmel toolchain/avr8 gcc/native/3.4.1061/avr8-gnu-toolchain/bin/../lib/gcc/avr/4.8.1/../../../../avr/lib/avr5\libc.a(putchar.o)
                              oled_driver.o (putchar)
c:/program files (x86)/atmel/atmel toolchain/avr8 gcc/native/3.4.1061/avr8-gnu-toolchain/bin/../lib/gcc/avr/4.8.1/../../../../avr/lib/avr5\libc.a(puts.o)
                              can_driver.o (puts)
c:/program files (x86)/atmel/atmel toolchain/avr8 gcc/native/3.4.1061/avr8-gnu-toolchain/bin/../lib/gcc/avr/4.8.1/../../../../avr/lib/avr5\libc.a(sprintf.o)
                              pingpong.o (sprintf)
c:/program files (x86)/atmel/atmel toolchain/avr8 gcc/native/3.4.1061/avr8-gnu-toolchain/bin/../lib/gcc/avr/4.8.1/../../../../avr/lib/avr5\libc.a(vfprintf_std.o)
                              c:/program files (x86)/atmel/atmel toolchain/avr8 gcc/native/3.4.1061/avr8-gnu-toolchain/bin/../lib/gcc/avr/4.8.1/../../../../avr/lib/avr5\libc.a(printf.o) (vfprintf)
c:/program files (x86)/atmel/atmel toolchain/avr8 gcc/native/3.4.1061/avr8-gnu-toolchain/bin/../lib/gcc/avr/4.8.1/../../../../avr/lib/avr5\libc.a(calloc.o)
                              c:/program files (x86)/atmel/atmel toolchain/avr8 gcc/native/3.4.1061/avr8-gnu-toolchain/bin/../lib/gcc/avr/4.8.1/../../../../avr/lib/avr5\libc.a(fdevopen.o) (calloc)
c:/program files (x86)/atmel/atmel toolchain/avr8 gcc/native/3.4.1061/avr8-gnu-toolchain/bin/../lib/gcc/avr/4.8.1/../../../../avr/lib/avr5\libc.a(malloc.o)
                              c:/program files (x86)/atmel/atmel toolchain/avr8 gcc/native/3.4.1061/avr8-gnu-toolchain/bin/../lib/gcc/avr/4.8.1/../../../../avr/lib/avr5\libc.a(calloc.o) (malloc)
c:/program files (x86)/atmel/atmel toolchain/avr8 gcc/native/3.4.1061/avr8-gnu-toolchain/bin/../lib/gcc/avr/4.8.1/../../../../avr/lib/avr5\libc.a(strnlen_P.o)
                              c:/program files (x86)/atmel/atmel toolchain/avr8 gcc/native/3.4.1061/avr8-gnu-toolchain/bin/../lib/gcc/avr/4.8.1/../../../../avr/lib/avr5\libc.a(vfprintf_std.o) (strnlen_P)
c:/program files (x86)/atmel/atmel toolchain/avr8 gcc/native/3.4.1061/avr8-gnu-toolchain/bin/../lib/gcc/avr/4.8.1/../../../../avr/lib/avr5\libc.a(memset.o)
                              c:/program files (x86)/atmel/atmel toolchain/avr8 gcc/native/3.4.1061/avr8-gnu-toolchain/bin/../lib/gcc/avr/4.8.1/../../../../avr/lib/avr5\libc.a(calloc.o) (memset)
c:/program files (x86)/atmel/atmel toolchain/avr8 gcc/native/3.4.1061/avr8-gnu-toolchain/bin/../lib/gcc/avr/4.8.1/../../../../avr/lib/avr5\libc.a(strnlen.o)
                              c:/program files (x86)/atmel/atmel toolchain/avr8 gcc/native/3.4.1061/avr8-gnu-toolchain/bin/../lib/gcc/avr/4.8.1/../../../../avr/lib/avr5\libc.a(vfprintf_std.o) (strnlen)
c:/program files (x86)/atmel/atmel toolchain/avr8 gcc/native/3.4.1061/avr8-gnu-toolchain/bin/../lib/gcc/avr/4.8.1/../../../../avr/lib/avr5\libc.a(fputc.o)
                              c:/program files (x86)/atmel/atmel toolchain/avr8 gcc/native/3.4.1061/avr8-gnu-toolchain/bin/../lib/gcc/avr/4.8.1/../../../../avr/lib/avr5\libc.a(putchar.o) (fputc)
c:/program files (x86)/atmel/atmel toolchain/avr8 gcc/native/3.4.1061/avr8-gnu-toolchain/bin/../lib/gcc/avr/4.8.1/../../../../avr/lib/avr5\libc.a(ultoa_invert.o)
                              c:/program files (x86)/atmel/atmel toolchain/avr8 gcc/native/3.4.1061/avr8-gnu-toolchain/bin/../lib/gcc/avr/4.8.1/../../../../avr/lib/avr5\libc.a(vfprintf_std.o) (__ultoa_invert)
c:/program files (x86)/atmel/atmel toolchain/avr8 gcc/native/3.4.1061/avr8-gnu-toolchain/bin/../lib/gcc/avr/4.8.1/avr5\libgcc.a(_prologue.o)
                              c:/program files (x86)/atmel/atmel toolchain/avr8 gcc/native/3.4.1061/avr8-gnu-toolchain/bin/../lib/gcc/avr/4.8.1/../../../../avr/lib/avr5\libc.a(printf.o) (__prologue_saves__)
c:/program files (x86)/atmel/atmel toolchain/avr8 gcc/native/3.4.1061/avr8-gnu-toolchain/bin/../lib/gcc/avr/4.8.1/avr5\libgcc.a(_epilogue.o)
                              c:/program files (x86)/atmel/atmel toolchain/avr8 gcc/native/3.4.1061/avr8-gnu-toolchain/bin/../lib/gcc/avr/4.8.1/../../../../avr/lib/avr5\libc.a(printf.o) (__epilogue_restores__)

Allocating common symbols
Common symbol       size              file

player              0x6               game_1.o
grid                0x36              game_1.o
__brkval            0x2               c:/program files (x86)/atmel/atmel toolchain/avr8 gcc/native/3.4.1061/avr8-gnu-toolchain/bin/../lib/gcc/avr/4.8.1/../../../../avr/lib/avr5\libc.a(malloc.o)
old_slid_pos        0x2               pingpong.o
old_joy_pos         0x3               pingpong.o
menu_main           0x2               EPIC.o
slid_pos            0x2               pingpong.o
ball                0x3               game_1.o
joy_pos             0x3               pingpong.o
__flp               0x2               c:/program files (x86)/atmel/atmel toolchain/avr8 gcc/native/3.4.1061/avr8-gnu-toolchain/bin/../lib/gcc/avr/4.8.1/../../../../avr/lib/avr5\libc.a(malloc.o)
__iob               0x6               c:/program files (x86)/atmel/atmel toolchain/avr8 gcc/native/3.4.1061/avr8-gnu-toolchain/bin/../lib/gcc/avr/4.8.1/../../../../avr/lib/avr5\libc.a(iob.o)

Discarded input sections

 .data          0x00000000        0x0 c:/program files (x86)/atmel/atmel toolchain/avr8 gcc/native/3.4.1061/avr8-gnu-toolchain/bin/../lib/gcc/avr/4.8.1/../../../../avr/lib/avr5/crtm162.o
 .bss           0x00000000        0x0 c:/program files (x86)/atmel/atmel toolchain/avr8 gcc/native/3.4.1061/avr8-gnu-toolchain/bin/../lib/gcc/avr/4.8.1/../../../../avr/lib/avr5/crtm162.o
 .text          0x00000000        0x0 adc_driver.o
 .data          0x00000000        0x0 adc_driver.o
 .bss           0x00000000        0x0 adc_driver.o
 .text          0x00000000        0x0 can_driver.o
 .data          0x00000000        0x0 can_driver.o
 .bss           0x00000000        0x0 can_driver.o
 .text.can_data_receive
                0x00000000       0xc2 can_driver.o
 .text.CAN_test
                0x00000000       0xe2 can_driver.o
 .text.CAN_send_dummy
                0x00000000       0xbe can_driver.o
 .text.printRegisters
                0x00000000       0x3e can_driver.o
 .bss.msg_received_flag
                0x00000000        0x2 can_driver.o
 .text          0x00000000        0x0 game_1.o
 .data          0x00000000        0x0 game_1.o
 .bss           0x00000000        0x0 game_1.o
 .text          0x00000000        0x0 data_fit.o
 .data          0x00000000        0x0 data_fit.o
 .bss           0x00000000        0x0 data_fit.o
 .text.distance
                0x00000000       0x12 data_fit.o
 .text          0x00000000        0x0 mcp_driver.o
 .data          0x00000000        0x0 mcp_driver.o
 .bss           0x00000000        0x0 mcp_driver.o
 .text.mcp_read_status
                0x00000000       0x28 mcp_driver.o
 .text          0x00000000        0x0 pingpong.o
 .data          0x00000000        0x0 pingpong.o
 .bss           0x00000000        0x0 pingpong.o
 .text.resetScore
                0x00000000        0xa pingpong.o
 .text          0x00000000        0x0 song_handler.o
 .data          0x00000000        0x0 song_handler.o
 .bss           0x00000000        0x0 song_handler.o
 .text          0x00000000        0x0 spi_driver.o
 .data          0x00000000        0x0 spi_driver.o
 .bss           0x00000000        0x0 spi_driver.o
 .text.spi_Slaveinit
                0x00000000        0x8 spi_driver.o
 .text.spi_TEST
                0x00000000        0xa spi_driver.o
 .text          0x00000000        0x0 graphic.o
 .data          0x00000000        0x0 graphic.o
 .bss           0x00000000        0x0 graphic.o
 .text.Ly_2_char
                0x00000000       0x22 graphic.o
 .text.start_calc
                0x00000000        0x8 graphic.o
 .text.bit_page_calc
                0x00000000       0x32 graphic.o
 .text.TEST_graphic
                0x00000000       0xae graphic.o
 .text          0x00000000        0x0 menu.o
 .data          0x00000000        0x0 menu.o
 .bss           0x00000000        0x0 menu.o
 .text          0x00000000        0x0 EPIC.o
 .data          0x00000000        0x0 EPIC.o
 .bss           0x00000000        0x0 EPIC.o
 .text.testCANconnection
                0x00000000        0x2 EPIC.o
 .text          0x00000000        0x0 joystick_driver.o
 .data          0x00000000        0x0 joystick_driver.o
 .bss           0x00000000        0x0 joystick_driver.o
 .text.calibrateLeftSlider
                0x00000000        0x2 joystick_driver.o
 .text.calibrateRightSlider
                0x00000000        0x2 joystick_driver.o
 .text.calibrateSlider
                0x00000000        0x2 joystick_driver.o
 .text.Y_getDirection
                0x00000000        0x2 joystick_driver.o
 .text.TEST_USB_BOARD
                0x00000000        0x2 joystick_driver.o
 .data.right_slider_calib
                0x00000000        0x2 joystick_driver.o
 .data.left_slider_calib
                0x00000000        0x2 joystick_driver.o
 .bss.joy_min_point
                0x00000000        0x3 joystick_driver.o
 .data.joy_max_point
                0x00000000        0x3 joystick_driver.o
 .text          0x00000000        0x0 oled_driver.o
 .data          0x00000000        0x0 oled_driver.o
 .bss           0x00000000        0x0 oled_driver.o
 .text.oled_print
                0x00000000        0x6 oled_driver.o
 .text.ones_buffer
                0x00000000       0x34 oled_driver.o
 .text.oled_reset
                0x00000000        0x4 oled_driver.o
 .text.oled_clear
                0x00000000        0x8 oled_driver.o
 .text.oled_write_command
                0x00000000        0x6 oled_driver.o
 .text.oled_test
                0x00000000        0x2 oled_driver.o
 .text.print_buffer_to_serial
                0x00000000       0x70 oled_driver.o
 .progmem.data.font4
                0x00000000      0x17c oled_driver.o
 .progmem.data.font5
                0x00000000      0x1db oled_driver.o
 .text          0x00000000        0x0 sram.o
 .data          0x00000000        0x0 sram.o
 .bss           0x00000000        0x0 sram.o
 .text.TEST_write_adress
                0x00000000        0x2 sram.o
 .text.TEST_GAL
                0x00000000        0x2 sram.o
 .text.TEST_ADC
                0x00000000        0x2 sram.o
 .text.TEST_SRAM_test
                0x00000000        0x2 sram.o
 .text          0x00000000        0x0 uart_driver.o
 .data          0x00000000        0x0 uart_driver.o
 .bss           0x00000000        0x0 uart_driver.o
 .text.uart_putstring
                0x00000000       0x38 uart_driver.o
 .text.TEST_reciver_transmitter_string
                0x00000000        0x2 uart_driver.o
 .text          0x00000000        0x0 c:/program files (x86)/atmel/atmel toolchain/avr8 gcc/native/3.4.1061/avr8-gnu-toolchain/bin/../lib/gcc/avr/4.8.1/avr5\libgcc.a(_udivmodhi4.o)
 .data          0x00000000        0x0 c:/program files (x86)/atmel/atmel toolchain/avr8 gcc/native/3.4.1061/avr8-gnu-toolchain/bin/../lib/gcc/avr/4.8.1/avr5\libgcc.a(_udivmodhi4.o)
 .bss           0x00000000        0x0 c:/program files (x86)/atmel/atmel toolchain/avr8 gcc/native/3.4.1061/avr8-gnu-toolchain/bin/../lib/gcc/avr/4.8.1/avr5\libgcc.a(_udivmodhi4.o)
 .text.libgcc.mul
                0x00000000        0x0 c:/program files (x86)/atmel/atmel toolchain/avr8 gcc/native/3.4.1061/avr8-gnu-toolchain/bin/../lib/gcc/avr/4.8.1/avr5\libgcc.a(_udivmodhi4.o)
 .text.libgcc   0x00000000        0x0 c:/program files (x86)/atmel/atmel toolchain/avr8 gcc/native/3.4.1061/avr8-gnu-toolchain/bin/../lib/gcc/avr/4.8.1/avr5\libgcc.a(_udivmodhi4.o)
 .text.libgcc.prologue
                0x00000000        0x0 c:/program files (x86)/atmel/atmel toolchain/avr8 gcc/native/3.4.1061/avr8-gnu-toolchain/bin/../lib/gcc/avr/4.8.1/avr5\libgcc.a(_udivmodhi4.o)
 .text.libgcc.builtins
                0x00000000        0x0 c:/program files (x86)/atmel/atmel toolchain/avr8 gcc/native/3.4.1061/avr8-gnu-toolchain/bin/../lib/gcc/avr/4.8.1/avr5\libgcc.a(_udivmodhi4.o)
 .text.libgcc.fmul
                0x00000000        0x0 c:/program files (x86)/atmel/atmel toolchain/avr8 gcc/native/3.4.1061/avr8-gnu-toolchain/bin/../lib/gcc/avr/4.8.1/avr5\libgcc.a(_udivmodhi4.o)
 .text.libgcc.fixed
                0x00000000        0x0 c:/program files (x86)/atmel/atmel toolchain/avr8 gcc/native/3.4.1061/avr8-gnu-toolchain/bin/../lib/gcc/avr/4.8.1/avr5\libgcc.a(_udivmodhi4.o)
 .text          0x00000000        0x0 c:/program files (x86)/atmel/atmel toolchain/avr8 gcc/native/3.4.1061/avr8-gnu-toolchain/bin/../lib/gcc/avr/4.8.1/avr5\libgcc.a(_divmodhi4.o)
 .data          0x00000000        0x0 c:/program files (x86)/atmel/atmel toolchain/avr8 gcc/native/3.4.1061/avr8-gnu-toolchain/bin/../lib/gcc/avr/4.8.1/avr5\libgcc.a(_divmodhi4.o)
 .bss           0x00000000        0x0 c:/program files (x86)/atmel/atmel toolchain/avr8 gcc/native/3.4.1061/avr8-gnu-toolchain/bin/../lib/gcc/avr/4.8.1/avr5\libgcc.a(_divmodhi4.o)
 .text.libgcc.mul
                0x00000000        0x0 c:/program files (x86)/atmel/atmel toolchain/avr8 gcc/native/3.4.1061/avr8-gnu-toolchain/bin/../lib/gcc/avr/4.8.1/avr5\libgcc.a(_divmodhi4.o)
 .text.libgcc   0x00000000        0x0 c:/program files (x86)/atmel/atmel toolchain/avr8 gcc/native/3.4.1061/avr8-gnu-toolchain/bin/../lib/gcc/avr/4.8.1/avr5\libgcc.a(_divmodhi4.o)
 .text.libgcc.prologue
                0x00000000        0x0 c:/program files (x86)/atmel/atmel toolchain/avr8 gcc/native/3.4.1061/avr8-gnu-toolchain/bin/../lib/gcc/avr/4.8.1/avr5\libgcc.a(_divmodhi4.o)
 .text.libgcc.builtins
                0x00000000        0x0 c:/program files (x86)/atmel/atmel toolchain/avr8 gcc/native/3.4.1061/avr8-gnu-toolchain/bin/../lib/gcc/avr/4.8.1/avr5\libgcc.a(_divmodhi4.o)
 .text.libgcc.fmul
                0x00000000        0x0 c:/program files (x86)/atmel/atmel toolchain/avr8 gcc/native/3.4.1061/avr8-gnu-toolchain/bin/../lib/gcc/avr/4.8.1/avr5\libgcc.a(_divmodhi4.o)
 .text.libgcc.fixed
                0x00000000        0x0 c:/program files (x86)/atmel/atmel toolchain/avr8 gcc/native/3.4.1061/avr8-gnu-toolchain/bin/../lib/gcc/avr/4.8.1/avr5\libgcc.a(_divmodhi4.o)
 .text          0x00000000        0x0 c:/program files (x86)/atmel/atmel toolchain/avr8 gcc/native/3.4.1061/avr8-gnu-toolchain/bin/../lib/gcc/avr/4.8.1/avr5\libgcc.a(_exit.o)
 .data          0x00000000        0x0 c:/program files (x86)/atmel/atmel toolchain/avr8 gcc/native/3.4.1061/avr8-gnu-toolchain/bin/../lib/gcc/avr/4.8.1/avr5\libgcc.a(_exit.o)
 .bss           0x00000000        0x0 c:/program files (x86)/atmel/atmel toolchain/avr8 gcc/native/3.4.1061/avr8-gnu-toolchain/bin/../lib/gcc/avr/4.8.1/avr5\libgcc.a(_exit.o)
 .text.libgcc.mul
                0x00000000        0x0 c:/program files (x86)/atmel/atmel toolchain/avr8 gcc/native/3.4.1061/avr8-gnu-toolchain/bin/../lib/gcc/avr/4.8.1/avr5\libgcc.a(_exit.o)
 .text.libgcc.div
                0x00000000        0x0 c:/program files (x86)/atmel/atmel toolchain/avr8 gcc/native/3.4.1061/avr8-gnu-toolchain/bin/../lib/gcc/avr/4.8.1/avr5\libgcc.a(_exit.o)
 .text.libgcc   0x00000000        0x0 c:/program files (x86)/atmel/atmel toolchain/avr8 gcc/native/3.4.1061/avr8-gnu-toolchain/bin/../lib/gcc/avr/4.8.1/avr5\libgcc.a(_exit.o)
 .text.libgcc.prologue
                0x00000000        0x0 c:/program files (x86)/atmel/atmel toolchain/avr8 gcc/native/3.4.1061/avr8-gnu-toolchain/bin/../lib/gcc/avr/4.8.1/avr5\libgcc.a(_exit.o)
 .text.libgcc.builtins
                0x00000000        0x0 c:/program files (x86)/atmel/atmel toolchain/avr8 gcc/native/3.4.1061/avr8-gnu-toolchain/bin/../lib/gcc/avr/4.8.1/avr5\libgcc.a(_exit.o)
 .text.libgcc.fmul
                0x00000000        0x0 c:/program files (x86)/atmel/atmel toolchain/avr8 gcc/native/3.4.1061/avr8-gnu-toolchain/bin/../lib/gcc/avr/4.8.1/avr5\libgcc.a(_exit.o)
 .text.libgcc.fixed
                0x00000000        0x0 c:/program files (x86)/atmel/atmel toolchain/avr8 gcc/native/3.4.1061/avr8-gnu-toolchain/bin/../lib/gcc/avr/4.8.1/avr5\libgcc.a(_exit.o)
 .text          0x00000000        0x0 c:/program files (x86)/atmel/atmel toolchain/avr8 gcc/native/3.4.1061/avr8-gnu-toolchain/bin/../lib/gcc/avr/4.8.1/avr5\libgcc.a(_tablejump.o)
 .data          0x00000000        0x0 c:/program files (x86)/atmel/atmel toolchain/avr8 gcc/native/3.4.1061/avr8-gnu-toolchain/bin/../lib/gcc/avr/4.8.1/avr5\libgcc.a(_tablejump.o)
 .bss           0x00000000        0x0 c:/program files (x86)/atmel/atmel toolchain/avr8 gcc/native/3.4.1061/avr8-gnu-toolchain/bin/../lib/gcc/avr/4.8.1/avr5\libgcc.a(_tablejump.o)
 .text.libgcc.mul
                0x00000000        0x0 c:/program files (x86)/atmel/atmel toolchain/avr8 gcc/native/3.4.1061/avr8-gnu-toolchain/bin/../lib/gcc/avr/4.8.1/avr5\libgcc.a(_tablejump.o)
 .text.libgcc.div
                0x00000000        0x0 c:/program files (x86)/atmel/atmel toolchain/avr8 gcc/native/3.4.1061/avr8-gnu-toolchain/bin/../lib/gcc/avr/4.8.1/avr5\libgcc.a(_tablejump.o)
 .text.libgcc.prologue
                0x00000000        0x0 c:/program files (x86)/atmel/atmel toolchain/avr8 gcc/native/3.4.1061/avr8-gnu-toolchain/bin/../lib/gcc/avr/4.8.1/avr5\libgcc.a(_tablejump.o)
 .text.libgcc.builtins
                0x00000000        0x0 c:/program files (x86)/atmel/atmel toolchain/avr8 gcc/native/3.4.1061/avr8-gnu-toolchain/bin/../lib/gcc/avr/4.8.1/avr5\libgcc.a(_tablejump.o)
 .text.libgcc.fmul
                0x00000000        0x0 c:/program files (x86)/atmel/atmel toolchain/avr8 gcc/native/3.4.1061/avr8-gnu-toolchain/bin/../lib/gcc/avr/4.8.1/avr5\libgcc.a(_tablejump.o)
 .text.libgcc.fixed
                0x00000000        0x0 c:/program files (x86)/atmel/atmel toolchain/avr8 gcc/native/3.4.1061/avr8-gnu-toolchain/bin/../lib/gcc/avr/4.8.1/avr5\libgcc.a(_tablejump.o)
 .text          0x00000000        0x0 c:/program files (x86)/atmel/atmel toolchain/avr8 gcc/native/3.4.1061/avr8-gnu-toolchain/bin/../lib/gcc/avr/4.8.1/avr5\libgcc.a(_copy_data.o)
 .data          0x00000000        0x0 c:/program files (x86)/atmel/atmel toolchain/avr8 gcc/native/3.4.1061/avr8-gnu-toolchain/bin/../lib/gcc/avr/4.8.1/avr5\libgcc.a(_copy_data.o)
 .bss           0x00000000        0x0 c:/program files (x86)/atmel/atmel toolchain/avr8 gcc/native/3.4.1061/avr8-gnu-toolchain/bin/../lib/gcc/avr/4.8.1/avr5\libgcc.a(_copy_data.o)
 .text.libgcc.mul
                0x00000000        0x0 c:/program files (x86)/atmel/atmel toolchain/avr8 gcc/native/3.4.1061/avr8-gnu-toolchain/bin/../lib/gcc/avr/4.8.1/avr5\libgcc.a(_copy_data.o)
 .text.libgcc.div
                0x00000000        0x0 c:/program files (x86)/atmel/atmel toolchain/avr8 gcc/native/3.4.1061/avr8-gnu-toolchain/bin/../lib/gcc/avr/4.8.1/avr5\libgcc.a(_copy_data.o)
 .text.libgcc   0x00000000        0x0 c:/program files (x86)/atmel/atmel toolchain/avr8 gcc/native/3.4.1061/avr8-gnu-toolchain/bin/../lib/gcc/avr/4.8.1/avr5\libgcc.a(_copy_data.o)
 .text.libgcc.prologue
                0x00000000        0x0 c:/program files (x86)/atmel/atmel toolchain/avr8 gcc/native/3.4.1061/avr8-gnu-toolchain/bin/../lib/gcc/avr/4.8.1/avr5\libgcc.a(_copy_data.o)
 .text.libgcc.builtins
                0x00000000        0x0 c:/program files (x86)/atmel/atmel toolchain/avr8 gcc/native/3.4.1061/avr8-gnu-toolchain/bin/../lib/gcc/avr/4.8.1/avr5\libgcc.a(_copy_data.o)
 .text.libgcc.fmul
                0x00000000        0x0 c:/program files (x86)/atmel/atmel toolchain/avr8 gcc/native/3.4.1061/avr8-gnu-toolchain/bin/../lib/gcc/avr/4.8.1/avr5\libgcc.a(_copy_data.o)
 .text.libgcc.fixed
                0x00000000        0x0 c:/program files (x86)/atmel/atmel toolchain/avr8 gcc/native/3.4.1061/avr8-gnu-toolchain/bin/../lib/gcc/avr/4.8.1/avr5\libgcc.a(_copy_data.o)
 .text          0x00000000        0x0 c:/program files (x86)/atmel/atmel toolchain/avr8 gcc/native/3.4.1061/avr8-gnu-toolchain/bin/../lib/gcc/avr/4.8.1/avr5\libgcc.a(_clear_bss.o)
 .data          0x00000000        0x0 c:/program files (x86)/atmel/atmel toolchain/avr8 gcc/native/3.4.1061/avr8-gnu-toolchain/bin/../lib/gcc/avr/4.8.1/avr5\libgcc.a(_clear_bss.o)
 .bss           0x00000000        0x0 c:/program files (x86)/atmel/atmel toolchain/avr8 gcc/native/3.4.1061/avr8-gnu-toolchain/bin/../lib/gcc/avr/4.8.1/avr5\libgcc.a(_clear_bss.o)
 .text.libgcc.mul
                0x00000000        0x0 c:/program files (x86)/atmel/atmel toolchain/avr8 gcc/native/3.4.1061/avr8-gnu-toolchain/bin/../lib/gcc/avr/4.8.1/avr5\libgcc.a(_clear_bss.o)
 .text.libgcc.div
                0x00000000        0x0 c:/program files (x86)/atmel/atmel toolchain/avr8 gcc/native/3.4.1061/avr8-gnu-toolchain/bin/../lib/gcc/avr/4.8.1/avr5\libgcc.a(_clear_bss.o)
 .text.libgcc   0x00000000        0x0 c:/program files (x86)/atmel/atmel toolchain/avr8 gcc/native/3.4.1061/avr8-gnu-toolchain/bin/../lib/gcc/avr/4.8.1/avr5\libgcc.a(_clear_bss.o)
 .text.libgcc.prologue
                0x00000000        0x0 c:/program files (x86)/atmel/atmel toolchain/avr8 gcc/native/3.4.1061/avr8-gnu-toolchain/bin/../lib/gcc/avr/4.8.1/avr5\libgcc.a(_clear_bss.o)
 .text.libgcc.builtins
                0x00000000        0x0 c:/program files (x86)/atmel/atmel toolchain/avr8 gcc/native/3.4.1061/avr8-gnu-toolchain/bin/../lib/gcc/avr/4.8.1/avr5\libgcc.a(_clear_bss.o)
 .text.libgcc.fmul
                0x00000000        0x0 c:/program files (x86)/atmel/atmel toolchain/avr8 gcc/native/3.4.1061/avr8-gnu-toolchain/bin/../lib/gcc/avr/4.8.1/avr5\libgcc.a(_clear_bss.o)
 .text.libgcc.fixed
                0x00000000        0x0 c:/program files (x86)/atmel/atmel toolchain/avr8 gcc/native/3.4.1061/avr8-gnu-toolchain/bin/../lib/gcc/avr/4.8.1/avr5\libgcc.a(_clear_bss.o)
 .text          0x00000000        0x0 c:/program files (x86)/atmel/atmel toolchain/avr8 gcc/native/3.4.1061/avr8-gnu-toolchain/bin/../lib/gcc/avr/4.8.1/../../../../avr/lib/avr5\libc.a(strcpy_P.o)
 .data          0x00000000        0x0 c:/program files (x86)/atmel/atmel toolchain/avr8 gcc/native/3.4.1061/avr8-gnu-toolchain/bin/../lib/gcc/avr/4.8.1/../../../../avr/lib/avr5\libc.a(strcpy_P.o)
 .bss           0x00000000        0x0 c:/program files (x86)/atmel/atmel toolchain/avr8 gcc/native/3.4.1061/avr8-gnu-toolchain/bin/../lib/gcc/avr/4.8.1/../../../../avr/lib/avr5\libc.a(strcpy_P.o)
 .text          0x00000000        0x0 c:/program files (x86)/atmel/atmel toolchain/avr8 gcc/native/3.4.1061/avr8-gnu-toolchain/bin/../lib/gcc/avr/4.8.1/../../../../avr/lib/avr5\libc.a(fdevopen.o)
 .data          0x00000000        0x0 c:/program files (x86)/atmel/atmel toolchain/avr8 gcc/native/3.4.1061/avr8-gnu-toolchain/bin/../lib/gcc/avr/4.8.1/../../../../avr/lib/avr5\libc.a(fdevopen.o)
 .bss           0x00000000        0x0 c:/program files (x86)/atmel/atmel toolchain/avr8 gcc/native/3.4.1061/avr8-gnu-toolchain/bin/../lib/gcc/avr/4.8.1/../../../../avr/lib/avr5\libc.a(fdevopen.o)
 .text          0x00000000        0x0 c:/program files (x86)/atmel/atmel toolchain/avr8 gcc/native/3.4.1061/avr8-gnu-toolchain/bin/../lib/gcc/avr/4.8.1/../../../../avr/lib/avr5\libc.a(iob.o)
 .data          0x00000000        0x0 c:/program files (x86)/atmel/atmel toolchain/avr8 gcc/native/3.4.1061/avr8-gnu-toolchain/bin/../lib/gcc/avr/4.8.1/../../../../avr/lib/avr5\libc.a(iob.o)
 .bss           0x00000000        0x0 c:/program files (x86)/atmel/atmel toolchain/avr8 gcc/native/3.4.1061/avr8-gnu-toolchain/bin/../lib/gcc/avr/4.8.1/../../../../avr/lib/avr5\libc.a(iob.o)
 .text          0x00000000        0x0 c:/program files (x86)/atmel/atmel toolchain/avr8 gcc/native/3.4.1061/avr8-gnu-toolchain/bin/../lib/gcc/avr/4.8.1/../../../../avr/lib/avr5\libc.a(printf.o)
 .data          0x00000000        0x0 c:/program files (x86)/atmel/atmel toolchain/avr8 gcc/native/3.4.1061/avr8-gnu-toolchain/bin/../lib/gcc/avr/4.8.1/../../../../avr/lib/avr5\libc.a(printf.o)
 .bss           0x00000000        0x0 c:/program files (x86)/atmel/atmel toolchain/avr8 gcc/native/3.4.1061/avr8-gnu-toolchain/bin/../lib/gcc/avr/4.8.1/../../../../avr/lib/avr5\libc.a(printf.o)
 .text          0x00000000        0x0 c:/program files (x86)/atmel/atmel toolchain/avr8 gcc/native/3.4.1061/avr8-gnu-toolchain/bin/../lib/gcc/avr/4.8.1/../../../../avr/lib/avr5\libc.a(putchar.o)
 .data          0x00000000        0x0 c:/program files (x86)/atmel/atmel toolchain/avr8 gcc/native/3.4.1061/avr8-gnu-toolchain/bin/../lib/gcc/avr/4.8.1/../../../../avr/lib/avr5\libc.a(putchar.o)
 .bss           0x00000000        0x0 c:/program files (x86)/atmel/atmel toolchain/avr8 gcc/native/3.4.1061/avr8-gnu-toolchain/bin/../lib/gcc/avr/4.8.1/../../../../avr/lib/avr5\libc.a(putchar.o)
 .text.avr-libc
                0x00000000        0xe c:/program files (x86)/atmel/atmel toolchain/avr8 gcc/native/3.4.1061/avr8-gnu-toolchain/bin/../lib/gcc/avr/4.8.1/../../../../avr/lib/avr5\libc.a(putchar.o)
 .comment       0x00000000       0x31 c:/program files (x86)/atmel/atmel toolchain/avr8 gcc/native/3.4.1061/avr8-gnu-toolchain/bin/../lib/gcc/avr/4.8.1/../../../../avr/lib/avr5\libc.a(putchar.o)
 .text          0x00000000        0x0 c:/program files (x86)/atmel/atmel toolchain/avr8 gcc/native/3.4.1061/avr8-gnu-toolchain/bin/../lib/gcc/avr/4.8.1/../../../../avr/lib/avr5\libc.a(puts.o)
 .data          0x00000000        0x0 c:/program files (x86)/atmel/atmel toolchain/avr8 gcc/native/3.4.1061/avr8-gnu-toolchain/bin/../lib/gcc/avr/4.8.1/../../../../avr/lib/avr5\libc.a(puts.o)
 .bss           0x00000000        0x0 c:/program files (x86)/atmel/atmel toolchain/avr8 gcc/native/3.4.1061/avr8-gnu-toolchain/bin/../lib/gcc/avr/4.8.1/../../../../avr/lib/avr5\libc.a(puts.o)
 .text          0x00000000        0x0 c:/program files (x86)/atmel/atmel toolchain/avr8 gcc/native/3.4.1061/avr8-gnu-toolchain/bin/../lib/gcc/avr/4.8.1/../../../../avr/lib/avr5\libc.a(sprintf.o)
 .data          0x00000000        0x0 c:/program files (x86)/atmel/atmel toolchain/avr8 gcc/native/3.4.1061/avr8-gnu-toolchain/bin/../lib/gcc/avr/4.8.1/../../../../avr/lib/avr5\libc.a(sprintf.o)
 .bss           0x00000000        0x0 c:/program files (x86)/atmel/atmel toolchain/avr8 gcc/native/3.4.1061/avr8-gnu-toolchain/bin/../lib/gcc/avr/4.8.1/../../../../avr/lib/avr5\libc.a(sprintf.o)
 .text          0x00000000        0x0 c:/program files (x86)/atmel/atmel toolchain/avr8 gcc/native/3.4.1061/avr8-gnu-toolchain/bin/../lib/gcc/avr/4.8.1/../../../../avr/lib/avr5\libc.a(vfprintf_std.o)
 .data          0x00000000        0x0 c:/program files (x86)/atmel/atmel toolchain/avr8 gcc/native/3.4.1061/avr8-gnu-toolchain/bin/../lib/gcc/avr/4.8.1/../../../../avr/lib/avr5\libc.a(vfprintf_std.o)
 .bss           0x00000000        0x0 c:/program files (x86)/atmel/atmel toolchain/avr8 gcc/native/3.4.1061/avr8-gnu-toolchain/bin/../lib/gcc/avr/4.8.1/../../../../avr/lib/avr5\libc.a(vfprintf_std.o)
 .text          0x00000000        0x0 c:/program files (x86)/atmel/atmel toolchain/avr8 gcc/native/3.4.1061/avr8-gnu-toolchain/bin/../lib/gcc/avr/4.8.1/../../../../avr/lib/avr5\libc.a(calloc.o)
 .data          0x00000000        0x0 c:/program files (x86)/atmel/atmel toolchain/avr8 gcc/native/3.4.1061/avr8-gnu-toolchain/bin/../lib/gcc/avr/4.8.1/../../../../avr/lib/avr5\libc.a(calloc.o)
 .bss           0x00000000        0x0 c:/program files (x86)/atmel/atmel toolchain/avr8 gcc/native/3.4.1061/avr8-gnu-toolchain/bin/../lib/gcc/avr/4.8.1/../../../../avr/lib/avr5\libc.a(calloc.o)
 .text          0x00000000        0x0 c:/program files (x86)/atmel/atmel toolchain/avr8 gcc/native/3.4.1061/avr8-gnu-toolchain/bin/../lib/gcc/avr/4.8.1/../../../../avr/lib/avr5\libc.a(malloc.o)
 .bss           0x00000000        0x0 c:/program files (x86)/atmel/atmel toolchain/avr8 gcc/native/3.4.1061/avr8-gnu-toolchain/bin/../lib/gcc/avr/4.8.1/../../../../avr/lib/avr5\libc.a(malloc.o)
 .text          0x00000000        0x0 c:/program files (x86)/atmel/atmel toolchain/avr8 gcc/native/3.4.1061/avr8-gnu-toolchain/bin/../lib/gcc/avr/4.8.1/../../../../avr/lib/avr5\libc.a(strnlen_P.o)
 .data          0x00000000        0x0 c:/program files (x86)/atmel/atmel toolchain/avr8 gcc/native/3.4.1061/avr8-gnu-toolchain/bin/../lib/gcc/avr/4.8.1/../../../../avr/lib/avr5\libc.a(strnlen_P.o)
 .bss           0x00000000        0x0 c:/program files (x86)/atmel/atmel toolchain/avr8 gcc/native/3.4.1061/avr8-gnu-toolchain/bin/../lib/gcc/avr/4.8.1/../../../../avr/lib/avr5\libc.a(strnlen_P.o)
 .text          0x00000000        0x0 c:/program files (x86)/atmel/atmel toolchain/avr8 gcc/native/3.4.1061/avr8-gnu-toolchain/bin/../lib/gcc/avr/4.8.1/../../../../avr/lib/avr5\libc.a(memset.o)
 .data          0x00000000        0x0 c:/program files (x86)/atmel/atmel toolchain/avr8 gcc/native/3.4.1061/avr8-gnu-toolchain/bin/../lib/gcc/avr/4.8.1/../../../../avr/lib/avr5\libc.a(memset.o)
 .bss           0x00000000        0x0 c:/program files (x86)/atmel/atmel toolchain/avr8 gcc/native/3.4.1061/avr8-gnu-toolchain/bin/../lib/gcc/avr/4.8.1/../../../../avr/lib/avr5\libc.a(memset.o)
 .text          0x00000000        0x0 c:/program files (x86)/atmel/atmel toolchain/avr8 gcc/native/3.4.1061/avr8-gnu-toolchain/bin/../lib/gcc/avr/4.8.1/../../../../avr/lib/avr5\libc.a(strnlen.o)
 .data          0x00000000        0x0 c:/program files (x86)/atmel/atmel toolchain/avr8 gcc/native/3.4.1061/avr8-gnu-toolchain/bin/../lib/gcc/avr/4.8.1/../../../../avr/lib/avr5\libc.a(strnlen.o)
 .bss           0x00000000        0x0 c:/program files (x86)/atmel/atmel toolchain/avr8 gcc/native/3.4.1061/avr8-gnu-toolchain/bin/../lib/gcc/avr/4.8.1/../../../../avr/lib/avr5\libc.a(strnlen.o)
 .text          0x00000000        0x0 c:/program files (x86)/atmel/atmel toolchain/avr8 gcc/native/3.4.1061/avr8-gnu-toolchain/bin/../lib/gcc/avr/4.8.1/../../../../avr/lib/avr5\libc.a(fputc.o)
 .data          0x00000000        0x0 c:/program files (x86)/atmel/atmel toolchain/avr8 gcc/native/3.4.1061/avr8-gnu-toolchain/bin/../lib/gcc/avr/4.8.1/../../../../avr/lib/avr5\libc.a(fputc.o)
 .bss           0x00000000        0x0 c:/program files (x86)/atmel/atmel toolchain/avr8 gcc/native/3.4.1061/avr8-gnu-toolchain/bin/../lib/gcc/avr/4.8.1/../../../../avr/lib/avr5\libc.a(fputc.o)
 .text          0x00000000        0x0 c:/program files (x86)/atmel/atmel toolchain/avr8 gcc/native/3.4.1061/avr8-gnu-toolchain/bin/../lib/gcc/avr/4.8.1/../../../../avr/lib/avr5\libc.a(ultoa_invert.o)
 .data          0x00000000        0x0 c:/program files (x86)/atmel/atmel toolchain/avr8 gcc/native/3.4.1061/avr8-gnu-toolchain/bin/../lib/gcc/avr/4.8.1/../../../../avr/lib/avr5\libc.a(ultoa_invert.o)
 .bss           0x00000000        0x0 c:/program files (x86)/atmel/atmel toolchain/avr8 gcc/native/3.4.1061/avr8-gnu-toolchain/bin/../lib/gcc/avr/4.8.1/../../../../avr/lib/avr5\libc.a(ultoa_invert.o)
 .text          0x00000000        0x0 c:/program files (x86)/atmel/atmel toolchain/avr8 gcc/native/3.4.1061/avr8-gnu-toolchain/bin/../lib/gcc/avr/4.8.1/avr5\libgcc.a(_prologue.o)
 .data          0x00000000        0x0 c:/program files (x86)/atmel/atmel toolchain/avr8 gcc/native/3.4.1061/avr8-gnu-toolchain/bin/../lib/gcc/avr/4.8.1/avr5\libgcc.a(_prologue.o)
 .bss           0x00000000        0x0 c:/program files (x86)/atmel/atmel toolchain/avr8 gcc/native/3.4.1061/avr8-gnu-toolchain/bin/../lib/gcc/avr/4.8.1/avr5\libgcc.a(_prologue.o)
 .text.libgcc.mul
                0x00000000        0x0 c:/program files (x86)/atmel/atmel toolchain/avr8 gcc/native/3.4.1061/avr8-gnu-toolchain/bin/../lib/gcc/avr/4.8.1/avr5\libgcc.a(_prologue.o)
 .text.libgcc.div
                0x00000000        0x0 c:/program files (x86)/atmel/atmel toolchain/avr8 gcc/native/3.4.1061/avr8-gnu-toolchain/bin/../lib/gcc/avr/4.8.1/avr5\libgcc.a(_prologue.o)
 .text.libgcc   0x00000000        0x0 c:/program files (x86)/atmel/atmel toolchain/avr8 gcc/native/3.4.1061/avr8-gnu-toolchain/bin/../lib/gcc/avr/4.8.1/avr5\libgcc.a(_prologue.o)
 .text.libgcc.builtins
                0x00000000        0x0 c:/program files (x86)/atmel/atmel toolchain/avr8 gcc/native/3.4.1061/avr8-gnu-toolchain/bin/../lib/gcc/avr/4.8.1/avr5\libgcc.a(_prologue.o)
 .text.libgcc.fmul
                0x00000000        0x0 c:/program files (x86)/atmel/atmel toolchain/avr8 gcc/native/3.4.1061/avr8-gnu-toolchain/bin/../lib/gcc/avr/4.8.1/avr5\libgcc.a(_prologue.o)
 .text.libgcc.fixed
                0x00000000        0x0 c:/program files (x86)/atmel/atmel toolchain/avr8 gcc/native/3.4.1061/avr8-gnu-toolchain/bin/../lib/gcc/avr/4.8.1/avr5\libgcc.a(_prologue.o)
 .text          0x00000000        0x0 c:/program files (x86)/atmel/atmel toolchain/avr8 gcc/native/3.4.1061/avr8-gnu-toolchain/bin/../lib/gcc/avr/4.8.1/avr5\libgcc.a(_epilogue.o)
 .data          0x00000000        0x0 c:/program files (x86)/atmel/atmel toolchain/avr8 gcc/native/3.4.1061/avr8-gnu-toolchain/bin/../lib/gcc/avr/4.8.1/avr5\libgcc.a(_epilogue.o)
 .bss           0x00000000        0x0 c:/program files (x86)/atmel/atmel toolchain/avr8 gcc/native/3.4.1061/avr8-gnu-toolchain/bin/../lib/gcc/avr/4.8.1/avr5\libgcc.a(_epilogue.o)
 .text.libgcc.mul
                0x00000000        0x0 c:/program files (x86)/atmel/atmel toolchain/avr8 gcc/native/3.4.1061/avr8-gnu-toolchain/bin/../lib/gcc/avr/4.8.1/avr5\libgcc.a(_epilogue.o)
 .text.libgcc.div
                0x00000000        0x0 c:/program files (x86)/atmel/atmel toolchain/avr8 gcc/native/3.4.1061/avr8-gnu-toolchain/bin/../lib/gcc/avr/4.8.1/avr5\libgcc.a(_epilogue.o)
 .text.libgcc   0x00000000        0x0 c:/program files (x86)/atmel/atmel toolchain/avr8 gcc/native/3.4.1061/avr8-gnu-toolchain/bin/../lib/gcc/avr/4.8.1/avr5\libgcc.a(_epilogue.o)
 .text.libgcc.builtins
                0x00000000        0x0 c:/program files (x86)/atmel/atmel toolchain/avr8 gcc/native/3.4.1061/avr8-gnu-toolchain/bin/../lib/gcc/avr/4.8.1/avr5\libgcc.a(_epilogue.o)
 .text.libgcc.fmul
                0x00000000        0x0 c:/program files (x86)/atmel/atmel toolchain/avr8 gcc/native/3.4.1061/avr8-gnu-toolchain/bin/../lib/gcc/avr/4.8.1/avr5\libgcc.a(_epilogue.o)
 .text.libgcc.fixed
                0x00000000        0x0 c:/program files (x86)/atmel/atmel toolchain/avr8 gcc/native/3.4.1061/avr8-gnu-toolchain/bin/../lib/gcc/avr/4.8.1/avr5\libgcc.a(_epilogue.o)

Memory Configuration

Name             Origin             Length             Attributes
text             0x00000000         0x00020000         xr
data             0x00800060         0x0000ffa0         rw !x
eeprom           0x00810000         0x00010000         rw !x
fuse             0x00820000         0x00000400         rw !x
lock             0x00830000         0x00000400         rw !x
signature        0x00840000         0x00000400         rw !x
user_signatures  0x00850000         0x00000400         rw !x
*default*        0x00000000         0xffffffff

Linker script and memory map

Address of section .data set to 0x800100
LOAD c:/program files (x86)/atmel/atmel toolchain/avr8 gcc/native/3.4.1061/avr8-gnu-toolchain/bin/../lib/gcc/avr/4.8.1/../../../../avr/lib/avr5/crtm162.o
LOAD adc_driver.o
LOAD can_driver.o
LOAD game_1.o
LOAD data_fit.o
LOAD mcp_driver.o
LOAD pingpong.o
LOAD song_handler.o
LOAD spi_driver.o
LOAD graphic.o
LOAD menu.o
LOAD EPIC.o
LOAD joystick_driver.o
LOAD oled_driver.o
LOAD sram.o
LOAD uart_driver.o
START GROUP
LOAD c:/program files (x86)/atmel/atmel toolchain/avr8 gcc/native/3.4.1061/avr8-gnu-toolchain/bin/../lib/gcc/avr/4.8.1/../../../../avr/lib/avr5\libm.a
END GROUP
START GROUP
LOAD c:/program files (x86)/atmel/atmel toolchain/avr8 gcc/native/3.4.1061/avr8-gnu-toolchain/bin/../lib/gcc/avr/4.8.1/avr5\libgcc.a
LOAD c:/program files (x86)/atmel/atmel toolchain/avr8 gcc/native/3.4.1061/avr8-gnu-toolchain/bin/../lib/gcc/avr/4.8.1/../../../../avr/lib/avr5\libm.a
LOAD c:/program files (x86)/atmel/atmel toolchain/avr8 gcc/native/3.4.1061/avr8-gnu-toolchain/bin/../lib/gcc/avr/4.8.1/../../../../avr/lib/avr5\libc.a
END GROUP

.hash
 *(.hash)

.dynsym
 *(.dynsym)

.dynstr
 *(.dynstr)

.gnu.version
 *(.gnu.version)

.gnu.version_d
 *(.gnu.version_d)

.gnu.version_r
 *(.gnu.version_r)

.rel.init
 *(.rel.init)

.rela.init
 *(.rela.init)

.rel.text
 *(.rel.text)
 *(.rel.text.*)
 *(.rel.gnu.linkonce.t*)

.rela.text
 *(.rela.text)
 *(.rela.text.*)
 *(.rela.gnu.linkonce.t*)

.rel.fini
 *(.rel.fini)

.rela.fini
 *(.rela.fini)

.rel.rodata
 *(.rel.rodata)
 *(.rel.rodata.*)
 *(.rel.gnu.linkonce.r*)

.rela.rodata
 *(.rela.rodata)
 *(.rela.rodata.*)
 *(.rela.gnu.linkonce.r*)

.rel.data
 *(.rel.data)
 *(.rel.data.*)
 *(.rel.gnu.linkonce.d*)

.rela.data
 *(.rela.data)
 *(.rela.data.*)
 *(.rela.gnu.linkonce.d*)

.rel.ctors
 *(.rel.ctors)

.rela.ctors
 *(.rela.ctors)

.rel.dtors
 *(.rel.dtors)

.rela.dtors
 *(.rela.dtors)

.rel.got
 *(.rel.got)

.rela.got
 *(.rela.got)

.rel.bss
 *(.rel.bss)

.rela.bss
 *(.rela.bss)

.rel.plt
 *(.rel.plt)

.rela.plt
 *(.rela.plt)

.text           0x00000000     0x35aa
 *(.vectors)
 .vectors       0x00000000       0x70 c:/program files (x86)/atmel/atmel toolchain/avr8 gcc/native/3.4.1061/avr8-gnu-toolchain/bin/../lib/gcc/avr/4.8.1/../../../../avr/lib/avr5/crtm162.o
                0x00000000                __vector_default
                0x00000000                __vectors
 *(.vectors)
 *(.progmem.gcc*)
 .progmem.gcc_sw_table.displaySong
                0x00000070       0x10 song_handler.o
                0x00000080                . = ALIGN (0x2)
                0x00000080                __trampolines_start = .
 *(.trampolines)
 .trampolines   0x00000080        0x0 linker stubs
 *(.trampolines*)
                0x00000080                __trampolines_end = .
 *(.progmem*)
 .progmem.data.string_table
                0x00000080       0x60 oled_driver.o
                0x00000080                string_table
 .progmem.data.s_back
                0x000000e0       0x10 oled_driver.o
                0x000000e0                s_back
 .progmem.data.s_rb
                0x000000f0        0xf oled_driver.o
                0x000000f0                s_rb
 .progmem.data.s_songsong
                0x000000ff       0x10 oled_driver.o
                0x000000ff                s_songsong
 .progmem.data.s_animations
                0x0000010f        0xb oled_driver.o
                0x0000010f                s_animations
 .progmem.data.s_greets
                0x0000011a        0xf oled_driver.o
                0x0000011a                s_greets
 .progmem.data.s_greetings4
                0x00000129        0x7 oled_driver.o
                0x00000129                s_greetings4
 .progmem.data.s_greetings3
                0x00000130       0x11 oled_driver.o
                0x00000130                s_greetings3
 .progmem.data.s_greetings2
                0x00000141       0x11 oled_driver.o
                0x00000141                s_greetings2
 .progmem.data.s_greetings1
                0x00000152       0x11 oled_driver.o
                0x00000152                s_greetings1
 .progmem.data.s_ir3
                0x00000163        0xd oled_driver.o
                0x00000163                s_ir3
 .progmem.data.s_ir2
                0x00000170        0xc oled_driver.o
                0x00000170                s_ir2
 .progmem.data.s_ir1
                0x0000017c        0xa oled_driver.o
                0x0000017c                s_ir1
 .progmem.data.s_with_ir
                0x00000186        0xc oled_driver.o
                0x00000186                s_with_ir
 .progmem.data.s_hello7
                0x00000192       0x11 oled_driver.o
                0x00000192                s_hello7
 .progmem.data.s_hello6
                0x000001a3       0x11 oled_driver.o
                0x000001a3                s_hello6
 .progmem.data.s_hello5
                0x000001b4       0x11 oled_driver.o
                0x000001b4                s_hello5
 .progmem.data.s_hello4
                0x000001c5       0x11 oled_driver.o
                0x000001c5                s_hello4
 .progmem.data.s_hello3
                0x000001d6       0x11 oled_driver.o
                0x000001d6                s_hello3
 .progmem.data.s_hello2
                0x000001e7       0x11 oled_driver.o
                0x000001e7                s_hello2
 .progmem.data.s_hello1
                0x000001f8       0x11 oled_driver.o
                0x000001f8                s_hello1
 .progmem.data.s_thumb7
                0x00000209       0x11 oled_driver.o
                0x00000209                s_thumb7
 .progmem.data.s_thumb6
                0x0000021a       0x11 oled_driver.o
                0x0000021a                s_thumb6
 .progmem.data.s_thumb5
                0x0000022b       0x11 oled_driver.o
                0x0000022b                s_thumb5
 .progmem.data.s_thumb4
                0x0000023c       0x11 oled_driver.o
                0x0000023c                s_thumb4
 .progmem.data.s_thumb3
                0x0000024d       0x11 oled_driver.o
                0x0000024d                s_thumb3
 .progmem.data.s_thumb2
                0x0000025e       0x12 oled_driver.o
                0x0000025e                s_thumb2
 .progmem.data.s_thumb1
                0x00000270       0x11 oled_driver.o
                0x00000270                s_thumb1
 .progmem.data.s_last_christmas
                0x00000281        0xa oled_driver.o
                0x00000281                s_last_christmas
 .progmem.data.s_jingle_bells
                0x0000028b        0xd oled_driver.o
                0x0000028b                s_jingle_bells
 .progmem.data.s_merry_x_mas
                0x00000298        0xb oled_driver.o
                0x00000298                s_merry_x_mas
 .progmem.data.s_imperial
                0x000002a3        0xf oled_driver.o
                0x000002a3                s_imperial
 .progmem.data.s_pokemon
                0x000002b2        0x8 oled_driver.o
                0x000002b2                s_pokemon
 .progmem.data.s_cantina_band
                0x000002ba        0xd oled_driver.o
                0x000002ba                s_cantina_band
 .progmem.data.s_tetris
                0x000002c7        0x7 oled_driver.o
                0x000002c7                s_tetris
 .progmem.data.s_harry_potter
                0x000002ce        0xd oled_driver.o
                0x000002ce                s_harry_potter
 .progmem.data.s_songs
                0x000002db        0x6 oled_driver.o
                0x000002db                s_songs
 .progmem.data.s_right_slid
                0x000002e1        0xd oled_driver.o
                0x000002e1                s_right_slid
 .progmem.data.s_left_slid
                0x000002ee        0xc oled_driver.o
                0x000002ee                s_left_slid
 .progmem.data.s_calibrate_slid
                0x000002fa        0xe oled_driver.o
                0x000002fa                s_calibrate_slid
 .progmem.data.s_calibrate_joy
                0x00000308        0xf oled_driver.o
                0x00000308                s_calibrate_joy
 .progmem.data.s_reset_highscore
                0x00000317       0x10 oled_driver.o
                0x00000317                s_reset_highscore
 .progmem.data.s_store_highscore
                0x00000327       0x10 oled_driver.o
                0x00000327                s_store_highscore
 .progmem.data.s_settings
                0x00000337        0x9 oled_driver.o
                0x00000337                s_settings
 .progmem.data.s_highscore
                0x00000340        0xa oled_driver.o
                0x00000340                s_highscore
 .progmem.data.s_pingpang
                0x0000034a        0x8 oled_driver.o
                0x0000034a                s_pingpang
 .progmem.data.s_pingpong
                0x00000352        0x9 oled_driver.o
                0x00000352                s_pingpong
 .progmem.data.s_games
                0x0000035b        0x6 oled_driver.o
                0x0000035b                s_games
 .progmem.data.s_root
                0x00000361        0x5 oled_driver.o
                0x00000361                s_root
 .progmem.data.font8
                0x00000366      0x2f8 oled_driver.o
                0x00000366                font8
                0x0000065e                . = ALIGN (0x2)
 *(.jumptables)
 *(.jumptables*)
 *(.lowtext)
 *(.lowtext*)
                0x0000065e                __ctors_start = .
 *(.ctors)
                0x0000065e                __ctors_end = .
                0x0000065e                __dtors_start = .
 *(.dtors)
                0x0000065e                __dtors_end = .
 SORT(*)(.ctors)
 SORT(*)(.dtors)
 *(.init0)
 .init0         0x0000065e        0x0 c:/program files (x86)/atmel/atmel toolchain/avr8 gcc/native/3.4.1061/avr8-gnu-toolchain/bin/../lib/gcc/avr/4.8.1/../../../../avr/lib/avr5/crtm162.o
                0x0000065e                __init
 *(.init0)
 *(.init1)
 *(.init1)
 *(.init2)
 .init2         0x0000065e        0xc c:/program files (x86)/atmel/atmel toolchain/avr8 gcc/native/3.4.1061/avr8-gnu-toolchain/bin/../lib/gcc/avr/4.8.1/../../../../avr/lib/avr5/crtm162.o
 *(.init2)
 *(.init3)
 *(.init3)
 *(.init4)
 .init4         0x0000066a       0x16 c:/program files (x86)/atmel/atmel toolchain/avr8 gcc/native/3.4.1061/avr8-gnu-toolchain/bin/../lib/gcc/avr/4.8.1/avr5\libgcc.a(_copy_data.o)
                0x0000066a                __do_copy_data
 .init4         0x00000680       0x10 c:/program files (x86)/atmel/atmel toolchain/avr8 gcc/native/3.4.1061/avr8-gnu-toolchain/bin/../lib/gcc/avr/4.8.1/avr5\libgcc.a(_clear_bss.o)
                0x00000680                __do_clear_bss
 *(.init4)
 *(.init5)
 *(.init5)
 *(.init6)
 *(.init6)
 *(.init7)
 *(.init7)
 *(.init8)
 *(.init8)
 *(.init9)
 .init9         0x00000690        0x8 c:/program files (x86)/atmel/atmel toolchain/avr8 gcc/native/3.4.1061/avr8-gnu-toolchain/bin/../lib/gcc/avr/4.8.1/../../../../avr/lib/avr5/crtm162.o
 *(.init9)
 *(.text)
 .text          0x00000698        0x4 c:/program files (x86)/atmel/atmel toolchain/avr8 gcc/native/3.4.1061/avr8-gnu-toolchain/bin/../lib/gcc/avr/4.8.1/../../../../avr/lib/avr5/crtm162.o
                0x00000698                __vector_22
                0x00000698                __vector_24
                0x00000698                __vector_12
                0x00000698                __bad_interrupt
                0x00000698                __vector_6
                0x00000698                __vector_23
                0x00000698                __vector_25
                0x00000698                __vector_11
                0x00000698                __vector_13
                0x00000698                __vector_17
                0x00000698                __vector_19
                0x00000698                __vector_7
                0x00000698                __vector_27
                0x00000698                __vector_5
                0x00000698                __vector_4
                0x00000698                __vector_9
                0x00000698                __vector_2
                0x00000698                __vector_21
                0x00000698                __vector_15
                0x00000698                __vector_8
                0x00000698                __vector_26
                0x00000698                __vector_14
                0x00000698                __vector_10
                0x00000698                __vector_16
                0x00000698                __vector_18
                0x00000698                __vector_20
                0x0000069c                . = ALIGN (0x2)
 *(.text.*)
 .text.adc_init
                0x0000069c        0x8 adc_driver.o
                0x0000069c                adc_init
 .text.ADC_read
                0x000006a4       0x28 adc_driver.o
                0x000006a4                ADC_read
 .text.__vector_3
                0x000006cc       0x28 adc_driver.o
                0x000006cc                __vector_3
 .text.can_init
                0x000006f4       0x32 can_driver.o
                0x000006f4                can_init
 .text.can_error
                0x00000726        0xc can_driver.o
                0x00000726                can_error
 .text.can_transmit_complete
                0x00000732       0x12 can_driver.o
                0x00000732                can_transmit_complete
 .text.can_message_send
                0x00000744       0xba can_driver.o
                0x00000744                can_message_send
 .text.draw_heart_to_buffer
                0x000007fe       0x5e game_1.o
                0x000007fe                draw_heart_to_buffer
 .text.draw_lives_buffer
                0x0000085c       0x46 game_1.o
                0x0000085c                draw_lives_buffer
 .text.update_ball
                0x000008a2      0x112 game_1.o
                0x000008a2                update_ball
 .text.update_player
                0x000009b4       0x38 game_1.o
                0x000009b4                update_player
 .text.draw_borders_buffer
                0x000009ec       0x5e game_1.o
                0x000009ec                draw_borders_buffer
 .text.draw_grid_buffer
                0x00000a4a       0x78 game_1.o
                0x00000a4a                draw_grid_buffer
 .text.bounce_ball_rect
                0x00000ac2      0x17a game_1.o
                0x00000ac2                bounce_ball_rect
 .text.bounce_ball_grid
                0x00000c3c       0xb6 game_1.o
                0x00000c3c                bounce_ball_grid
 .text.get_direction
                0x00000cf2        0x8 game_1.o
                0x00000cf2                get_direction
 .text.initialize_game
                0x00000cfa       0x28 game_1.o
                0x00000cfa                initialize_game
 .text.ping_pong_idle
                0x00000d22      0x1c4 game_1.o
                0x00000d22                ping_pong_idle
 .text.average  0x00000ee6       0x2c data_fit.o
                0x00000ee6                average
 .text.order_data_distance
                0x00000f12       0x40 data_fit.o
                0x00000f12                order_data_distance
 .text.data_fit
                0x00000f52      0x18a data_fit.o
                0x00000f52                data_fit
 .text.selectSlave
                0x000010dc        0x4 mcp_driver.o
                0x000010dc                selectSlave
 .text.deselectSlave
                0x000010e0        0x4 mcp_driver.o
                0x000010e0                deselectSlave
 .text.mcp_write
                0x000010e4       0x34 mcp_driver.o
                0x000010e4                mcp_write
 .text.mcp_read
                0x00001118       0x34 mcp_driver.o
                0x00001118                mcp_read
 .text.mcp_reset
                0x0000114c       0x44 mcp_driver.o
                0x0000114c                mcp_reset
 .text.mcp_init
                0x00001190        0x8 mcp_driver.o
                0x00001190                mcp_init
 .text.mcp_request_to_send
                0x00001198       0x22 mcp_driver.o
                0x00001198                mcp_request_to_send
 .text.sendJoyPos
                0x000011ba       0x64 pingpong.o
                0x000011ba                sendJoyPos
 .text.sendButton
                0x0000121e       0xd0 pingpong.o
                0x0000121e                sendButton
 .text.sendSliderPos
                0x000012ee       0x68 pingpong.o
                0x000012ee                sendSliderPos
 .text.playPingPong
                0x00001356      0x228 pingpong.o
                0x00001356                playPingPong
 .text.setScore
                0x0000157e        0xa pingpong.o
                0x0000157e                setScore
 .text.sendCANGameWithoutIR
                0x00001588       0x6a pingpong.o
                0x00001588                sendCANGameWithoutIR
 .text.sendCANGameWithIR
                0x000015f2       0x6a pingpong.o
                0x000015f2                sendCANGameWithIR
 .text.irSettings
                0x0000165c       0xe8 pingpong.o
                0x0000165c                irSettings
 .text.send_song_CAN
                0x00001744       0x7c song_handler.o
                0x00001744                send_song_CAN
 .text.send_stop_CAN
                0x000017c0       0x76 song_handler.o
                0x000017c0                send_stop_CAN
 .text.displaySong
                0x00001836      0x10e song_handler.o
                0x00001836                displaySong
 .text.handleUserInput
                0x00001944       0x22 song_handler.o
                0x00001944                handleUserInput
 .text.song_harry_potter
                0x00001966       0x12 song_handler.o
                0x00001966                song_harry_potter
 .text.song_cantina_band
                0x00001978       0x12 song_handler.o
                0x00001978                song_cantina_band
 .text.song_pokemon
                0x0000198a       0x12 song_handler.o
                0x0000198a                song_pokemon
 .text.song_tetris
                0x0000199c       0x12 song_handler.o
                0x0000199c                song_tetris
 .text.song_octaves
                0x000019ae       0x12 song_handler.o
                0x000019ae                song_octaves
 .text.song_jingle_bells
                0x000019c0       0x12 song_handler.o
                0x000019c0                song_jingle_bells
 .text.song_last_christmas
                0x000019d2       0x12 song_handler.o
                0x000019d2                song_last_christmas
 .text.song_merry_x_mas
                0x000019e4       0x12 song_handler.o
                0x000019e4                song_merry_x_mas
 .text.spi_Masterinit
                0x000019f6       0x12 spi_driver.o
                0x000019f6                spi_Masterinit
 .text.spi_init
                0x00001a08        0x4 spi_driver.o
                0x00001a08                spi_init
 .text.spi_MasterTransmit
                0x00001a0c        0x8 spi_driver.o
                0x00001a0c                spi_MasterTransmit
 .text.spi_SlaveReceive
                0x00001a14        0xc spi_driver.o
                0x00001a14                spi_SlaveReceive
 .text.draw_one_bit_buffer
                0x00001a20       0x64 graphic.o
                0x00001a20                draw_one_bit_buffer
 .text.draw_rectangle_buffer
                0x00001a84       0xfc graphic.o
                0x00001a84                draw_rectangle_buffer
 .text.draw_triangle_buffer
                0x00001b80      0x144 graphic.o
                0x00001b80                draw_triangle_buffer
 .text.animations
                0x00001cc4      0x17e graphic.o
                0x00001cc4                animations
 .text.assignParents
                0x00001e42       0x40 menu.o
 .text.createMenuNode
                0x00001e82       0x44 menu.o
                0x00001e82                createMenuNode
 .text.createMenu
                0x00001ec6      0x326 menu.o
                0x00001ec6                createMenu
 .text.getMenuRoot
                0x000021ec        0xe menu.o
                0x000021ec                getMenuRoot
 .text.getNextEntry
                0x000021fa       0x62 menu.o
                0x000021fa                getNextEntry
 .text.getPreviousEntry
                0x0000225c       0x62 menu.o
                0x0000225c                getPreviousEntry
 .text.menuLevelDown
                0x000022be       0x22 menu.o
                0x000022be                menuLevelDown
 .text.menuLevelUp
                0x000022e0       0x16 menu.o
                0x000022e0                menuLevelUp
 .text.main_init
                0x000022f6       0xaa EPIC.o
                0x000022f6                main_init
 .text.startup.main
                0x000023a0      0x142 EPIC.o
                0x000023a0                main
 .text.__vector_1
                0x000024e2       0xfc EPIC.o
                0x000024e2                __vector_1
 .text.USB_init
                0x000025de        0x8 joystick_driver.o
                0x000025de                USB_init
 .text.JOY_button
                0x000025e6       0x22 joystick_driver.o
                0x000025e6                JOY_button
 .text.calibrateJoystick
                0x00002608        0x2 joystick_driver.o
                0x00002608                calibrateJoystick
 .text.JOY_getPosition
                0x0000260a      0x11a joystick_driver.o
                0x0000260a                JOY_getPosition
 .text.SLID_getPosition
                0x00002724       0xa8 joystick_driver.o
                0x00002724                SLID_getPosition
 .text.getStringFromMem
                0x000027cc       0x14 oled_driver.o
                0x000027cc                getStringFromMem
 .text.clear_buffer
                0x000027e0       0x32 oled_driver.o
                0x000027e0                clear_buffer
 .text.oled_set_page
                0x00002812       0x10 oled_driver.o
                0x00002812                oled_set_page
 .text.print_buffer
                0x00002822       0x50 oled_driver.o
                0x00002822                print_buffer
 .text.oled_init
                0x00002872       0x76 oled_driver.o
                0x00002872                oled_init
 .text.print_string_to_buffer
                0x000028e8       0x6a oled_driver.o
                0x000028e8                print_string_to_buffer
 .text.print_selection
                0x00002952       0x10 oled_driver.o
                0x00002952                print_selection
 .text.printGreetings
                0x00002962       0x82 oled_driver.o
                0x00002962                printGreetings
 .text.print_thumb
                0x000029e4       0x80 oled_driver.o
                0x000029e4                print_thumb
 .text.printMenu
                0x00002a64       0xa8 oled_driver.o
                0x00002a64                printMenu
 .text.sayHello
                0x00002b0c       0x80 oled_driver.o
                0x00002b0c                sayHello
 .text.sram_init
                0x00002b8c       0x16 sram.o
                0x00002b8c                sram_init
 .text.uart_putc
                0x00002ba2        0xc uart_driver.o
                0x00002ba2                uart_putc
 .text.uart_getc
                0x00002bae        0xa uart_driver.o
                0x00002bae                uart_getc
 .text.uart_init
                0x00002bb8       0x36 uart_driver.o
                0x00002bb8                uart_init
 .text.libgcc.div
                0x00002bee       0x28 c:/program files (x86)/atmel/atmel toolchain/avr8 gcc/native/3.4.1061/avr8-gnu-toolchain/bin/../lib/gcc/avr/4.8.1/avr5\libgcc.a(_udivmodhi4.o)
                0x00002bee                __udivmodhi4
 .text.libgcc.div
                0x00002c16       0x28 c:/program files (x86)/atmel/atmel toolchain/avr8 gcc/native/3.4.1061/avr8-gnu-toolchain/bin/../lib/gcc/avr/4.8.1/avr5\libgcc.a(_divmodhi4.o)
                0x00002c16                _div
                0x00002c16                __divmodhi4
 .text.libgcc   0x00002c3e        0xc c:/program files (x86)/atmel/atmel toolchain/avr8 gcc/native/3.4.1061/avr8-gnu-toolchain/bin/../lib/gcc/avr/4.8.1/avr5\libgcc.a(_tablejump.o)
                0x00002c3e                __tablejump2__
                0x00002c42                __tablejump__
 .text.avr-libc
                0x00002c4a        0xe c:/program files (x86)/atmel/atmel toolchain/avr8 gcc/native/3.4.1061/avr8-gnu-toolchain/bin/../lib/gcc/avr/4.8.1/../../../../avr/lib/avr5\libc.a(strcpy_P.o)
                0x00002c4a                strcpy_P
 .text.avr-libc
                0x00002c58       0x96 c:/program files (x86)/atmel/atmel toolchain/avr8 gcc/native/3.4.1061/avr8-gnu-toolchain/bin/../lib/gcc/avr/4.8.1/../../../../avr/lib/avr5\libc.a(fdevopen.o)
                0x00002c58                fdevopen
 .text.avr-libc
                0x00002cee       0x28 c:/program files (x86)/atmel/atmel toolchain/avr8 gcc/native/3.4.1061/avr8-gnu-toolchain/bin/../lib/gcc/avr/4.8.1/../../../../avr/lib/avr5\libc.a(printf.o)
                0x00002cee                printf
 .text.avr-libc
                0x00002d16       0x5a c:/program files (x86)/atmel/atmel toolchain/avr8 gcc/native/3.4.1061/avr8-gnu-toolchain/bin/../lib/gcc/avr/4.8.1/../../../../avr/lib/avr5\libc.a(puts.o)
                0x00002d16                puts
 .text.avr-libc
                0x00002d70       0x44 c:/program files (x86)/atmel/atmel toolchain/avr8 gcc/native/3.4.1061/avr8-gnu-toolchain/bin/../lib/gcc/avr/4.8.1/../../../../avr/lib/avr5\libc.a(sprintf.o)
                0x00002d70                sprintf
 .text.avr-libc
                0x00002db4      0x3a4 c:/program files (x86)/atmel/atmel toolchain/avr8 gcc/native/3.4.1061/avr8-gnu-toolchain/bin/../lib/gcc/avr/4.8.1/../../../../avr/lib/avr5\libc.a(vfprintf_std.o)
                0x00002db4                vfprintf
 .text.avr-libc
                0x00003158       0x38 c:/program files (x86)/atmel/atmel toolchain/avr8 gcc/native/3.4.1061/avr8-gnu-toolchain/bin/../lib/gcc/avr/4.8.1/../../../../avr/lib/avr5\libc.a(calloc.o)
                0x00003158                calloc
 .text.avr-libc
                0x00003190      0x24e c:/program files (x86)/atmel/atmel toolchain/avr8 gcc/native/3.4.1061/avr8-gnu-toolchain/bin/../lib/gcc/avr/4.8.1/../../../../avr/lib/avr5\libc.a(malloc.o)
                0x00003190                malloc
                0x000032c0                free
 .text.avr-libc
                0x000033de       0x16 c:/program files (x86)/atmel/atmel toolchain/avr8 gcc/native/3.4.1061/avr8-gnu-toolchain/bin/../lib/gcc/avr/4.8.1/../../../../avr/lib/avr5\libc.a(strnlen_P.o)
                0x000033de                strnlen_P
 .text.avr-libc
                0x000033f4        0xe c:/program files (x86)/atmel/atmel toolchain/avr8 gcc/native/3.4.1061/avr8-gnu-toolchain/bin/../lib/gcc/avr/4.8.1/../../../../avr/lib/avr5\libc.a(memset.o)
                0x000033f4                memset
 .text.avr-libc
                0x00003402       0x16 c:/program files (x86)/atmel/atmel toolchain/avr8 gcc/native/3.4.1061/avr8-gnu-toolchain/bin/../lib/gcc/avr/4.8.1/../../../../avr/lib/avr5\libc.a(strnlen.o)
                0x00003402                strnlen
 .text.avr-libc
                0x00003418       0x64 c:/program files (x86)/atmel/atmel toolchain/avr8 gcc/native/3.4.1061/avr8-gnu-toolchain/bin/../lib/gcc/avr/4.8.1/../../../../avr/lib/avr5\libc.a(fputc.o)
                0x00003418                fputc
 .text.avr-libc
                0x0000347c       0xbc c:/program files (x86)/atmel/atmel toolchain/avr8 gcc/native/3.4.1061/avr8-gnu-toolchain/bin/../lib/gcc/avr/4.8.1/../../../../avr/lib/avr5\libc.a(ultoa_invert.o)
                0x0000347c                __ultoa_invert
 .text.libgcc.prologue
                0x00003538       0x38 c:/program files (x86)/atmel/atmel toolchain/avr8 gcc/native/3.4.1061/avr8-gnu-toolchain/bin/../lib/gcc/avr/4.8.1/avr5\libgcc.a(_prologue.o)
                0x00003538                __prologue_saves__
 .text.libgcc.prologue
                0x00003570       0x36 c:/program files (x86)/atmel/atmel toolchain/avr8 gcc/native/3.4.1061/avr8-gnu-toolchain/bin/../lib/gcc/avr/4.8.1/avr5\libgcc.a(_epilogue.o)
                0x00003570                __epilogue_restores__
                0x000035a6                . = ALIGN (0x2)
 *(.fini9)
 .fini9         0x000035a6        0x0 c:/program files (x86)/atmel/atmel toolchain/avr8 gcc/native/3.4.1061/avr8-gnu-toolchain/bin/../lib/gcc/avr/4.8.1/avr5\libgcc.a(_exit.o)
                0x000035a6                _exit
                0x000035a6                exit
 *(.fini9)
 *(.fini8)
 *(.fini8)
 *(.fini7)
 *(.fini7)
 *(.fini6)
 *(.fini6)
 *(.fini5)
 *(.fini5)
 *(.fini4)
 *(.fini4)
 *(.fini3)
 *(.fini3)
 *(.fini2)
 *(.fini2)
 *(.fini1)
 *(.fini1)
 *(.fini0)
 .fini0         0x000035a6        0x4 c:/program files (x86)/atmel/atmel toolchain/avr8 gcc/native/3.4.1061/avr8-gnu-toolchain/bin/../lib/gcc/avr/4.8.1/avr5\libgcc.a(_exit.o)
 *(.fini0)
                0x000035aa                _etext = .

.data           0x00800100      0x296 load address 0x000035aa
                0x00800100                PROVIDE (__data_start, .)
 *(.data)
 .data          0x00800100        0x6 c:/program files (x86)/atmel/atmel toolchain/avr8 gcc/native/3.4.1061/avr8-gnu-toolchain/bin/../lib/gcc/avr/4.8.1/../../../../avr/lib/avr5\libc.a(malloc.o)
                0x00800100                __malloc_heap_end
                0x00800102                __malloc_heap_start
                0x00800104                __malloc_margin
 *(.data*)
 .data.n_lives  0x00800106        0x2 game_1.o
                0x00800106                n_lives
 .data.dim      0x00800108        0x1 data_fit.o
                0x00800108                dim
 .data.counter.2262
                0x00800109        0x2 pingpong.o
 .data.display_buffer
                0x0080010b        0x2 graphic.o
                0x0080010b                display_buffer
 .data.current_adress.2093
                0x0080010d        0x2 menu.o
 .data.margin   0x0080010f        0x1 joystick_driver.o
                0x0080010f                margin
 .data.mid_point
                0x00800110        0x3 joystick_driver.o
                0x00800110                mid_point
 .data.oled_buffer
                0x00800113        0x2 oled_driver.o
                0x00800113                oled_buffer
 *(.rodata)
 *(.rodata*)
 .rodata.str1.1
                0x00800115       0xd3 can_driver.o
 .rodata.str1.1
                0x008001e8       0x39 game_1.o
 .rodata.str1.1
                0x00800221       0x32 mcp_driver.o
 .rodata.str1.1
                0x00800253       0x77 pingpong.o
 .rodata.str1.1
                0x008002ca       0x1c song_handler.o
 .rodata.str1.1
                0x008002e6       0x48 graphic.o
 .rodata.str1.1
                0x0080032e       0x24 menu.o
 .rodata.str1.1
                0x00800352       0x3e EPIC.o
 .rodata.str1.1
                0x00800390        0x6 oled_driver.o
 *(.gnu.linkonce.d*)
                0x00800396                . = ALIGN (0x2)
                0x00800396                _edata = .
                0x00800396                PROVIDE (__data_end, .)

.bss            0x00800396       0x61
                0x00800396                PROVIDE (__bss_start, .)
 *(.bss)
 *(.bss*)
 .bss.flag      0x00800396        0x2 adc_driver.o
                0x00800396                flag
 .bss.level     0x00800398        0x2 game_1.o
                0x00800398                level
 .bss.n_catched_balls
                0x0080039a        0x2 game_1.o
                0x0080039a                n_catched_balls
 .bss.score     0x0080039c        0x2 pingpong.o
 .bss.full      0x0080039e        0x1 graphic.o
                0x0080039e                full
 .bss._menu     0x0080039f        0x2 menu.o
 .bss.current_selection
                0x008003a1        0x1 EPIC.o
                0x008003a1                current_selection
 *(COMMON)
 COMMON         0x008003a2       0x3f game_1.o
                0x008003a2                player
                0x008003a8                grid
                0x008003de                ball
 COMMON         0x008003e1        0xa pingpong.o
                0x008003e1                old_slid_pos
                0x008003e3                old_joy_pos
                0x008003e6                slid_pos
                0x008003e8                joy_pos
 COMMON         0x008003eb        0x2 EPIC.o
                0x008003eb                menu_main
 COMMON         0x008003ed        0x6 c:/program files (x86)/atmel/atmel toolchain/avr8 gcc/native/3.4.1061/avr8-gnu-toolchain/bin/../lib/gcc/avr/4.8.1/../../../../avr/lib/avr5\libc.a(iob.o)
                0x008003ed                __iob
 COMMON         0x008003f3        0x4 c:/program files (x86)/atmel/atmel toolchain/avr8 gcc/native/3.4.1061/avr8-gnu-toolchain/bin/../lib/gcc/avr/4.8.1/../../../../avr/lib/avr5\libc.a(malloc.o)
                0x008003f3                __brkval
                0x008003f5                __flp
                0x008003f7                PROVIDE (__bss_end, .)
                0x000035aa                __data_load_start = LOADADDR (.data)
                0x00003840                __data_load_end = (__data_load_start + SIZEOF (.data))

.noinit         0x008003f7        0x0
                0x008003f7                PROVIDE (__noinit_start, .)
 *(.noinit*)
                0x008003f7                PROVIDE (__noinit_end, .)
                0x008003f7                _end = .
                0x008003f7                PROVIDE (__heap_start, .)

.eeprom         0x00810000        0x0
 *(.eeprom*)
                0x00810000                __eeprom_end = .

.fuse
 *(.fuse)
 *(.lfuse)
 *(.hfuse)
 *(.efuse)

.lock
 *(.lock*)

.signature
 *(.signature*)

.user_signatures
 *(.user_signatures*)

.stab
 *(.stab)

.stabstr
 *(.stabstr)

.stab.excl
 *(.stab.excl)

.stab.exclstr
 *(.stab.exclstr)

.stab.index
 *(.stab.index)

.stab.indexstr
 *(.stab.indexstr)

.comment        0x00000000       0x5c
 *(.comment)
 .comment       0x00000000       0x30 adc_driver.o
                                 0x31 (size before relaxing)
 .comment       0x00000000       0x31 can_driver.o
 .comment       0x00000000       0x31 game_1.o
 .comment       0x00000000       0x31 data_fit.o
 .comment       0x00000000       0x31 mcp_driver.o
 .comment       0x00000000       0x31 pingpong.o
 .comment       0x00000000       0x31 song_handler.o
 .comment       0x00000000       0x31 spi_driver.o
 .comment       0x00000000       0x31 graphic.o
 .comment       0x00000000       0x31 menu.o
 .comment       0x00000000       0x31 EPIC.o
 .comment       0x00000000       0x31 joystick_driver.o
 .comment       0x00000000       0x31 oled_driver.o
 .comment       0x00000000       0x31 sram.o
 .comment       0x00000000       0x31 uart_driver.o
 .comment       0x00000000       0x31 c:/program files (x86)/atmel/atmel toolchain/avr8 gcc/native/3.4.1061/avr8-gnu-toolchain/bin/../lib/gcc/avr/4.8.1/../../../../avr/lib/avr5\libc.a(fdevopen.o)
 .comment       0x00000000       0x31 c:/program files (x86)/atmel/atmel toolchain/avr8 gcc/native/3.4.1061/avr8-gnu-toolchain/bin/../lib/gcc/avr/4.8.1/../../../../avr/lib/avr5\libc.a(iob.o)
 .comment       0x00000000       0x31 c:/program files (x86)/atmel/atmel toolchain/avr8 gcc/native/3.4.1061/avr8-gnu-toolchain/bin/../lib/gcc/avr/4.8.1/../../../../avr/lib/avr5\libc.a(printf.o)
 .comment       0x00000000       0x31 c:/program files (x86)/atmel/atmel toolchain/avr8 gcc/native/3.4.1061/avr8-gnu-toolchain/bin/../lib/gcc/avr/4.8.1/../../../../avr/lib/avr5\libc.a(puts.o)
 .comment       0x00000000       0x31 c:/program files (x86)/atmel/atmel toolchain/avr8 gcc/native/3.4.1061/avr8-gnu-toolchain/bin/../lib/gcc/avr/4.8.1/../../../../avr/lib/avr5\libc.a(sprintf.o)
 .comment       0x00000030       0x2c c:/program files (x86)/atmel/atmel toolchain/avr8 gcc/native/3.4.1061/avr8-gnu-toolchain/bin/../lib/gcc/avr/4.8.1/../../../../avr/lib/avr5\libc.a(vfprintf_std.o)
                                 0x2d (size before relaxing)
 .comment       0x00000000       0x31 c:/program files (x86)/atmel/atmel toolchain/avr8 gcc/native/3.4.1061/avr8-gnu-toolchain/bin/../lib/gcc/avr/4.8.1/../../../../avr/lib/avr5\libc.a(calloc.o)
 .comment       0x00000000       0x31 c:/program files (x86)/atmel/atmel toolchain/avr8 gcc/native/3.4.1061/avr8-gnu-toolchain/bin/../lib/gcc/avr/4.8.1/../../../../avr/lib/avr5\libc.a(malloc.o)
 .comment       0x00000000       0x31 c:/program files (x86)/atmel/atmel toolchain/avr8 gcc/native/3.4.1061/avr8-gnu-toolchain/bin/../lib/gcc/avr/4.8.1/../../../../avr/lib/avr5\libc.a(fputc.o)

.note.gnu.build-id
 *(.note.gnu.build-id)

.debug
 *(.debug)

.line
 *(.line)

.debug_srcinfo
 *(.debug_srcinfo)

.debug_sfnames
 *(.debug_sfnames)

.debug_aranges  0x00000000      0x520
 *(.debug_aranges)
 .debug_aranges
                0x00000000       0x30 adc_driver.o
 .debug_aranges
                0x00000030       0x58 can_driver.o
 .debug_aranges
                0x00000088       0x70 game_1.o
 .debug_aranges
                0x000000f8       0x38 data_fit.o
 .debug_aranges
                0x00000130       0x58 mcp_driver.o
 .debug_aranges
                0x00000188       0x60 pingpong.o
 .debug_aranges
                0x000001e8       0x78 song_handler.o
 .debug_aranges
                0x00000260       0x48 spi_driver.o
 .debug_aranges
                0x000002a8       0x58 graphic.o
 .debug_aranges
                0x00000300       0x58 menu.o
 .debug_aranges
                0x00000358       0x38 EPIC.o
 .debug_aranges
                0x00000390       0x68 joystick_driver.o
 .debug_aranges
                0x000003f8       0xa8 oled_driver.o
 .debug_aranges
                0x000004a0       0x40 sram.o
 .debug_aranges
                0x000004e0       0x40 uart_driver.o

.debug_pubnames
 *(.debug_pubnames)

.debug_info     0x00000000     0x5fb6
 *(.debug_info .gnu.linkonce.wi.*)
 .debug_info    0x00000000      0x105 adc_driver.o
 .debug_info    0x00000105      0x639 can_driver.o
 .debug_info    0x0000073e      0x98e game_1.o
 .debug_info    0x000010cc      0x3b5 data_fit.o
 .debug_info    0x00001481      0x3c2 mcp_driver.o
 .debug_info    0x00001843      0xac3 pingpong.o
 .debug_info    0x00002306      0x935 song_handler.o
 .debug_info    0x00002c3b      0x148 spi_driver.o
 .debug_info    0x00002d83      0x774 graphic.o
 .debug_info    0x000034f7      0x5ba menu.o
 .debug_info    0x00003ab1      0x726 EPIC.o
 .debug_info    0x000041d7      0x5bd joystick_driver.o
 .debug_info    0x00004794     0x1507 oled_driver.o
 .debug_info    0x00005c9b       0xe2 sram.o
 .debug_info    0x00005d7d      0x239 uart_driver.o

.debug_abbrev   0x00000000     0x1ea8
 *(.debug_abbrev)
 .debug_abbrev  0x00000000       0xd3 adc_driver.o
 .debug_abbrev  0x000000d3      0x2a4 can_driver.o
 .debug_abbrev  0x00000377      0x321 game_1.o
 .debug_abbrev  0x00000698      0x1cd data_fit.o
 .debug_abbrev  0x00000865      0x1e9 mcp_driver.o
 .debug_abbrev  0x00000a4e      0x2d5 pingpong.o
 .debug_abbrev  0x00000d23      0x26a song_handler.o
 .debug_abbrev  0x00000f8d       0xe2 spi_driver.o
 .debug_abbrev  0x0000106f      0x30a graphic.o
 .debug_abbrev  0x00001379      0x188 menu.o
 .debug_abbrev  0x00001501      0x2a1 EPIC.o
 .debug_abbrev  0x000017a2      0x25f joystick_driver.o
 .debug_abbrev  0x00001a01      0x2ba oled_driver.o
 .debug_abbrev  0x00001cbb       0x51 sram.o
 .debug_abbrev  0x00001d0c      0x19c uart_driver.o

.debug_line     0x00000000     0x203d
 *(.debug_line .debug_line.* .debug_line_end)
 .debug_line    0x00000000       0xd7 adc_driver.o
 .debug_line    0x000000d7      0x237 can_driver.o
 .debug_line    0x0000030e      0x38b game_1.o
 .debug_line    0x00000699      0x16b data_fit.o
 .debug_line    0x00000804      0x1db mcp_driver.o
 .debug_line    0x000009df      0x2d1 pingpong.o
 .debug_line    0x00000cb0      0x2a2 song_handler.o
 .debug_line    0x00000f52      0x112 spi_driver.o
 .debug_line    0x00001064      0x30a graphic.o
 .debug_line    0x0000136e      0x19c menu.o
 .debug_line    0x0000150a      0x29b EPIC.o
 .debug_line    0x000017a5      0x275 joystick_driver.o
 .debug_line    0x00001a1a      0x429 oled_driver.o
 .debug_line    0x00001e43       0xe7 sram.o
 .debug_line    0x00001f2a      0x113 uart_driver.o

.debug_frame    0x00000000      0xfb8
 *(.debug_frame)
 .debug_frame   0x00000000       0x58 adc_driver.o
 .debug_frame   0x00000058      0x154 can_driver.o
 .debug_frame   0x000001ac      0x1b4 game_1.o
 .debug_frame   0x00000360       0x98 data_fit.o
 .debug_frame   0x000003f8       0xf4 mcp_driver.o
 .debug_frame   0x000004ec      0x1a8 pingpong.o
 .debug_frame   0x00000694      0x138 song_handler.o
 .debug_frame   0x000007cc       0x74 spi_driver.o
 .debug_frame   0x00000840      0x1ac graphic.o
 .debug_frame   0x000009ec       0xdc menu.o
 .debug_frame   0x00000ac8       0xec EPIC.o
 .debug_frame   0x00000bb4      0x10c joystick_driver.o
 .debug_frame   0x00000cc0      0x21c oled_driver.o
 .debug_frame   0x00000edc       0x64 sram.o
 .debug_frame   0x00000f40       0x78 uart_driver.o

.debug_str      0x00000000      0xf27
 *(.debug_str)
 .debug_str     0x00000000      0x145 adc_driver.o
                                0x18b (size before relaxing)
 .debug_str     0x00000145      0x167 can_driver.o
                                0x2b5 (size before relaxing)
 .debug_str     0x000002ac      0x25f game_1.o
                                0x421 (size before relaxing)
 .debug_str     0x0000050b       0x69 data_fit.o
                                0x1bd (size before relaxing)
 .debug_str     0x00000574       0x88 mcp_driver.o
                                0x26d (size before relaxing)
 .debug_str     0x000005fc      0x179 pingpong.o
                                0x442 (size before relaxing)
 .debug_str     0x00000775       0xba song_handler.o
                                0x390 (size before relaxing)
 .debug_str     0x0000082f       0x3e spi_driver.o
                                0x1ad (size before relaxing)
 .debug_str     0x0000086d       0x6b graphic.o
                                0x348 (size before relaxing)
 .debug_str     0x000008d8       0xf6 menu.o
                                0x269 (size before relaxing)
 .debug_str     0x000009ce       0x99 EPIC.o
                                0x42f (size before relaxing)
 .debug_str     0x00000a67       0xf3 joystick_driver.o
                                0x327 (size before relaxing)
 .debug_str     0x00000b5a      0x307 oled_driver.o
                                0x5b2 (size before relaxing)
 .debug_str     0x00000e61       0x3f sram.o
                                0x186 (size before relaxing)
 .debug_str     0x00000ea0       0x87 uart_driver.o
                                0x1ce (size before relaxing)

.debug_loc      0x00000000     0x3ba7
 *(.debug_loc)
 .debug_loc     0x00000000       0x6a adc_driver.o
 .debug_loc     0x0000006a      0x44d can_driver.o
 .debug_loc     0x000004b7      0x85d game_1.o
 .debug_loc     0x00000d14      0x661 data_fit.o
 .debug_loc     0x00001375      0x242 mcp_driver.o
 .debug_loc     0x000015b7      0x5d8 pingpong.o
 .debug_loc     0x00001b8f      0x22a song_handler.o
 .debug_loc     0x00001db9      0xcef graphic.o
 .debug_loc     0x00002aa8      0x357 menu.o
 .debug_loc     0x00002dff      0x261 EPIC.o
 .debug_loc     0x00003060      0x269 joystick_driver.o
 .debug_loc     0x000032c9      0x81c oled_driver.o
 .debug_loc     0x00003ae5       0xc2 uart_driver.o

.debug_macinfo
 *(.debug_macinfo)

.debug_weaknames
 *(.debug_weaknames)

.debug_funcnames
 *(.debug_funcnames)

.debug_typenames
 *(.debug_typenames)

.debug_varnames
 *(.debug_varnames)

.debug_pubtypes
 *(.debug_pubtypes)

.debug_ranges   0x00000000      0x568
 *(.debug_ranges)
 .debug_ranges  0x00000000       0x20 adc_driver.o
 .debug_ranges  0x00000020       0x48 can_driver.o
 .debug_ranges  0x00000068       0xa8 game_1.o
 .debug_ranges  0x00000110       0x70 data_fit.o
 .debug_ranges  0x00000180       0x48 mcp_driver.o
 .debug_ranges  0x000001c8       0x68 pingpong.o
 .debug_ranges  0x00000230       0x68 song_handler.o
 .debug_ranges  0x00000298       0x38 spi_driver.o
 .debug_ranges  0x000002d0       0x48 graphic.o
 .debug_ranges  0x00000318       0x48 menu.o
 .debug_ranges  0x00000360       0x28 EPIC.o
 .debug_ranges  0x00000388       0x58 joystick_driver.o
 .debug_ranges  0x000003e0      0x128 oled_driver.o
 .debug_ranges  0x00000508       0x30 sram.o
 .debug_ranges  0x00000538       0x30 uart_driver.o

.debug_macro
 *(.debug_macro)
OUTPUT(EPIC.elf elf32-avr)
LOAD linker stubs
